// Jest Snapshot v1, https://goo.gl/fbAQLP

exports[`Pruebas sobre el componente Login usuario Probando con enzyme 1`] = `
<Fragment>
  <div
    className="container-fluid "
  >
    <div
      className=" d-flex justify-content-center align-items-center "
    >
      <Link
        to="/"
      >
        <h1>
          Imagen eventos choclo
        </h1>
      </Link>
    </div>
    <div
      className="modal-dialog text-center mt-1 "
    >
      <div
        className="col-sm-12 main-section"
      >
        <div
          className="modal-content"
        >
          <div
            className="col-12 user-img"
          >
            <h3
              className="h3 mt-3"
            >
              Crear una cuenta
            </h3>
            <h6
              className=" h6 mt-3 align-items-start"
            >
              Por favor ingrese sus datos personales para el registro
            </h6>
            <form
              onSubmit={[Function]}
            >
              <div
                className="form-group"
                id="#user-group"
              >
                <label>
                  Nombre y apellido
                </label>
                <input
                  className=""
                  id="nombre-usuario"
                  name="name"
                  onChange={[Function]}
                  placeholder="Nombre completo"
                  type="text"
                />
                <div
                  className="mb-3 invalid-feedback"
                >
                  Ingrese el nombre de usuario
                </div>
              </div>
              <div
                className="form-group"
                id="#cedula-group"
              >
                <label>
                  Cédula
                </label>
                <input
                  className=""
                  id="cedula"
                  name="license"
                  onChange={[Function]}
                  placeholder="Cédula"
                  type="number"
                />
                <div
                  className="mb-3 invalid-feedback"
                >
                  Ingrese el número de cédula
                </div>
              </div>
              <div
                className="form-group"
                id="#correo-group"
              >
                <label>
                  Correo electrónico
                </label>
                <input
                  className=""
                  id="correo"
                  name="email"
                  onChange={[Function]}
                  placeholder="Correo electrónico"
                  type="email"
                />
                <div
                  className="mb-3 invalid-feedback"
                >
                  Ingrese el correo electrónico
                </div>
              </div>
              <div
                className="form-group"
                id="#username-group"
              >
                <label>
                  Nombre de usuario
                </label>
                <input
                  className=""
                  id="username"
                  name="username"
                  onChange={[Function]}
                  placeholder="Username"
                  type="text"
                />
                <div
                  className="mb-3 invalid-feedback"
                >
                  Ingrese username
                </div>
              </div>
              <div
                className="form-group"
                id="#cedula-group"
              >
                <label>
                  Contraseña
                </label>
                <input
                  className=""
                  id="password"
                  name="password"
                  onChange={[Function]}
                  placeholder="Contraseña"
                  type="password"
                />
                <div
                  className="mb-3 invalid-feedback"
                >
                  Ingrese la contrasena
                </div>
              </div>
              <div
                className="row justify-content-center align-items-center mt-3"
              >
                <button
                  className="btn col-3 mx-3"
                  id="boton1"
                  type="submit"
                >
                  Registrarme
                </button>
                <button
                  className=" btn col-4"
                  id="boton2"
                  onClick={[Function]}
                  type="button"
                >
                  Cancelar
                </button>
              </div>
            </form>
          </div>
        </div>
      </div>
    </div>
  </div>
</Fragment>
`;
